MPLINK 4.37, Linker
Linker Map File - Created Fri Dec 06 16:40:32 2013

                                 Section Info
                  Section       Type    Address   Location Size(Bytes)
                ---------  ---------  ---------  ---------  ---------
                   .org_0       code   0x000000    program   0x000006
                   .org_1       code   0x000004    program   0x000338
                   .cinit    romdata   0x0001a0    program   0x000004
  .config_2007_UNTITLED.O       code   0x002007    program   0x000002



                              Program Memory Usage 
                               Start         End      
                           ---------   ---------      
                            0x000000    0x000002      
                            0x000004    0x0001a1      
                            0x002007    0x002007      
            418 out of 8453 program addresses used, program memory utilization is 4%



                              Symbols - Sorted by Name
                     Name    Address   Location    Storage File                     
                ---------  ---------  ---------  --------- ---------                
                 INIT_LCD   0x00015d    program     static E:\New folder\Untitled.asm
              INIT_SWITCH   0x000107    program     static E:\New folder\Untitled.asm
              SET_SPI_REG   0x00013d    program     static E:\New folder\Untitled.asm
                       _0   0x000098    program     static E:\New folder\Untitled.asm
                       _1   0x0000a3    program     static E:\New folder\Untitled.asm
                       _2   0x0000ae    program     static E:\New folder\Untitled.asm
                       _3   0x0000b9    program     static E:\New folder\Untitled.asm
                       _4   0x0000c4    program     static E:\New folder\Untitled.asm
                       _5   0x0000cf    program     static E:\New folder\Untitled.asm
                       _6   0x0000da    program     static E:\New folder\Untitled.asm
                     _reg   0x000085    program     static E:\New folder\Untitled.asm
                    _wait   0x000192    program     static E:\New folder\Untitled.asm
                     _way   0x00018a    program     static E:\New folder\Untitled.asm
                    alarm   0x00005a    program     static E:\New folder\Untitled.asm
                   bi2sep   0x00010d    program     static E:\New folder\Untitled.asm
                   delay1   0x000057    program     static E:\New folder\Untitled.asm
                 delay1_2   0x00006c    program     static E:\New folder\Untitled.asm
                   delay2   0x00005f    program     static E:\New folder\Untitled.asm
               delay500us   0x000055    program     static E:\New folder\Untitled.asm
              delay500us2   0x00006a    program     static E:\New folder\Untitled.asm
                    flag1   0x000153    program     static E:\New folder\Untitled.asm
                    flag2   0x000158    program     static E:\New folder\Untitled.asm
                    flag3   0x000110    program     static E:\New folder\Untitled.asm
                       go   0x000032    program     static E:\New folder\Untitled.asm
                    go1_1   0x000044    program     static E:\New folder\Untitled.asm
                    go1_2   0x000049    program     static E:\New folder\Untitled.asm
                      go2   0x000036    program     static E:\New folder\Untitled.asm
                    go2_1   0x000039    program     static E:\New folder\Untitled.asm
                    go2_2   0x00003e    program     static E:\New folder\Untitled.asm
                     init   0x000005    program     static E:\New folder\Untitled.asm
              int_routine   0x00001f    program     static E:\New folder\Untitled.asm
                     long   0x0000ee    program     static E:\New folder\Untitled.asm
                long_wait   0x00007f    program     static E:\New folder\Untitled.asm
                      mcl   0x0000f0    program     static E:\New folder\Untitled.asm
                     mcl2   0x000081    program     static E:\New folder\Untitled.asm
                      mcs   0x0000e7    program     static E:\New folder\Untitled.asm
                     mcs2   0x000078    program     static E:\New folder\Untitled.asm
                    morse   0x00006f    program     static E:\New folder\Untitled.asm
                     next   0x000196    program     static E:\New folder\Untitled.asm
                  reverse   0x000190    program     static E:\New folder\Untitled.asm
                send_data   0x00014f    program     static E:\New folder\Untitled.asm
                    short   0x0000e5    program     static E:\New folder\Untitled.asm
               short_wait   0x000076    program     static E:\New folder\Untitled.asm
                 show_max   0x000129    program     static E:\New folder\Untitled.asm
              show_number   0x00011b    program     static E:\New folder\Untitled.asm
                    start   0x000195    program     static E:\New folder\Untitled.asm
                     stop   0x00004e    program     static E:\New folder\Untitled.asm
                    stop2   0x00004f    program     static E:\New folder\Untitled.asm
                 straight   0x00018d    program     static E:\New folder\Untitled.asm
                 switches   0x000103    program     static E:\New folder\Untitled.asm
                       t0   0x000088    program     static E:\New folder\Untitled.asm
                       t1   0x00008b    program     static E:\New folder\Untitled.asm
                       t3   0x00008e    program     static E:\New folder\Untitled.asm
                       t4   0x000091    program     static E:\New folder\Untitled.asm
                       t5   0x000094    program     static E:\New folder\Untitled.asm
                 test_key   0x000134    program     static E:\New folder\Untitled.asm
                    wait1   0x0000f6    program     static E:\New folder\Untitled.asm
               wait1430ms   0x0000f4    program     static E:\New folder\Untitled.asm
                  wait1_1   0x0000fc    program     static E:\New folder\Untitled.asm
                  wait1_2   0x0000fa    program     static E:\New folder\Untitled.asm



                              Symbols - Sorted by Address
                     Name    Address   Location    Storage File                     
                ---------  ---------  ---------  --------- ---------                
                     init   0x000005    program     static E:\New folder\Untitled.asm
              int_routine   0x00001f    program     static E:\New folder\Untitled.asm
                       go   0x000032    program     static E:\New folder\Untitled.asm
                      go2   0x000036    program     static E:\New folder\Untitled.asm
                    go2_1   0x000039    program     static E:\New folder\Untitled.asm
                    go2_2   0x00003e    program     static E:\New folder\Untitled.asm
                    go1_1   0x000044    program     static E:\New folder\Untitled.asm
                    go1_2   0x000049    program     static E:\New folder\Untitled.asm
                     stop   0x00004e    program     static E:\New folder\Untitled.asm
                    stop2   0x00004f    program     static E:\New folder\Untitled.asm
               delay500us   0x000055    program     static E:\New folder\Untitled.asm
                   delay1   0x000057    program     static E:\New folder\Untitled.asm
                    alarm   0x00005a    program     static E:\New folder\Untitled.asm
                   delay2   0x00005f    program     static E:\New folder\Untitled.asm
              delay500us2   0x00006a    program     static E:\New folder\Untitled.asm
                 delay1_2   0x00006c    program     static E:\New folder\Untitled.asm
                    morse   0x00006f    program     static E:\New folder\Untitled.asm
               short_wait   0x000076    program     static E:\New folder\Untitled.asm
                     mcs2   0x000078    program     static E:\New folder\Untitled.asm
                long_wait   0x00007f    program     static E:\New folder\Untitled.asm
                     mcl2   0x000081    program     static E:\New folder\Untitled.asm
                     _reg   0x000085    program     static E:\New folder\Untitled.asm
                       t0   0x000088    program     static E:\New folder\Untitled.asm
                       t1   0x00008b    program     static E:\New folder\Untitled.asm
                       t3   0x00008e    program     static E:\New folder\Untitled.asm
                       t4   0x000091    program     static E:\New folder\Untitled.asm
                       t5   0x000094    program     static E:\New folder\Untitled.asm
                       _0   0x000098    program     static E:\New folder\Untitled.asm
                       _1   0x0000a3    program     static E:\New folder\Untitled.asm
                       _2   0x0000ae    program     static E:\New folder\Untitled.asm
                       _3   0x0000b9    program     static E:\New folder\Untitled.asm
                       _4   0x0000c4    program     static E:\New folder\Untitled.asm
                       _5   0x0000cf    program     static E:\New folder\Untitled.asm
                       _6   0x0000da    program     static E:\New folder\Untitled.asm
                    short   0x0000e5    program     static E:\New folder\Untitled.asm
                      mcs   0x0000e7    program     static E:\New folder\Untitled.asm
                     long   0x0000ee    program     static E:\New folder\Untitled.asm
                      mcl   0x0000f0    program     static E:\New folder\Untitled.asm
               wait1430ms   0x0000f4    program     static E:\New folder\Untitled.asm
                    wait1   0x0000f6    program     static E:\New folder\Untitled.asm
                  wait1_2   0x0000fa    program     static E:\New folder\Untitled.asm
                  wait1_1   0x0000fc    program     static E:\New folder\Untitled.asm
                 switches   0x000103    program     static E:\New folder\Untitled.asm
              INIT_SWITCH   0x000107    program     static E:\New folder\Untitled.asm
                   bi2sep   0x00010d    program     static E:\New folder\Untitled.asm
                    flag3   0x000110    program     static E:\New folder\Untitled.asm
              show_number   0x00011b    program     static E:\New folder\Untitled.asm
                 show_max   0x000129    program     static E:\New folder\Untitled.asm
                 test_key   0x000134    program     static E:\New folder\Untitled.asm
              SET_SPI_REG   0x00013d    program     static E:\New folder\Untitled.asm
                send_data   0x00014f    program     static E:\New folder\Untitled.asm
                    flag1   0x000153    program     static E:\New folder\Untitled.asm
                    flag2   0x000158    program     static E:\New folder\Untitled.asm
                 INIT_LCD   0x00015d    program     static E:\New folder\Untitled.asm
                     _way   0x00018a    program     static E:\New folder\Untitled.asm
                 straight   0x00018d    program     static E:\New folder\Untitled.asm
                  reverse   0x000190    program     static E:\New folder\Untitled.asm
                    _wait   0x000192    program     static E:\New folder\Untitled.asm
                    start   0x000195    program     static E:\New folder\Untitled.asm
                     next   0x000196    program     static E:\New folder\Untitled.asm


